Archive member included to satisfy reference by file (symbol)

/opt/homebrew/Cellar/riscv64-elf-gcc/15.2.0/lib/gcc/riscv64-elf/15.2.0/rv32i/ilp32//libgcc.a(muldi3.o)
                              build/lib/hal.o (__mulsi3)
/opt/homebrew/Cellar/riscv64-elf-gcc/15.2.0/lib/gcc/riscv64-elf/15.2.0/rv32i/ilp32//libgcc.a(div.o)
                              build/lib/graphics.o (__divsi3)

Discarded input sections

 .text          0x00000000        0x0 build/lib/start.o
 .data          0x00000000        0x0 build/lib/start.o
 .bss           0x00000000        0x0 build/lib/start.o
 .text          0x00000000        0x0 /var/folders/x1/dw9cr25s1j5606xy8x6yg_yh0000gn/T//ccDV2Xmt.o
 .data          0x00000000        0x0 /var/folders/x1/dw9cr25s1j5606xy8x6yg_yh0000gn/T//ccDV2Xmt.o
 .bss           0x00000000        0x0 /var/folders/x1/dw9cr25s1j5606xy8x6yg_yh0000gn/T//ccDV2Xmt.o
 .text.benchmark_ai
                0x00000000       0x28 /var/folders/x1/dw9cr25s1j5606xy8x6yg_yh0000gn/T//ccDV2Xmt.o
 .comment       0x00000000       0x13 /var/folders/x1/dw9cr25s1j5606xy8x6yg_yh0000gn/T//ccDV2Xmt.o
 .text          0x00000000        0x0 build/lib/hal.o
 .data          0x00000000        0x0 build/lib/hal.o
 .bss           0x00000000        0x0 build/lib/hal.o
 .text.uart_getc
                0x00000000       0x1c build/lib/hal.o
 .text.uart_rx_ready
                0x00000000       0x14 build/lib/hal.o
 .text.uart_tx_ready
                0x00000000       0x18 build/lib/hal.o
 .text.lcd_reset
                0x00000000       0x88 build/lib/hal.o
 .text.lcd_backlight
                0x00000000       0x24 build/lib/hal.o
 .text.lcd_send_command
                0x00000000       0x18 build/lib/hal.o
 .text.lcd_send_data
                0x00000000       0x18 build/lib/hal.o
 .text.lcd_fill_rect
                0x00000000       0x1c build/lib/hal.o
 .text.delay_us
                0x00000000       0x34 build/lib/hal.o
 .comment       0x00000000       0x13 build/lib/hal.o
 .text          0x00000000        0x0 build/lib/graphics.o
 .data          0x00000000        0x0 build/lib/graphics.o
 .bss           0x00000000        0x0 build/lib/graphics.o
 .text.lcd_draw_circle
                0x00000000      0x178 build/lib/graphics.o
 .text.lcd_draw_image
                0x00000000       0xf0 build/lib/graphics.o
 .comment       0x00000000       0x13 build/lib/graphics.o
 .text          0x00000000        0x0 build/lib/font_8x8.o
 .data          0x00000000        0x0 build/lib/font_8x8.o
 .bss           0x00000000        0x0 build/lib/font_8x8.o
 .comment       0x00000000       0x13 build/lib/font_8x8.o
 .data          0x00000000        0x0 /opt/homebrew/Cellar/riscv64-elf-gcc/15.2.0/lib/gcc/riscv64-elf/15.2.0/rv32i/ilp32//libgcc.a(muldi3.o)
 .bss           0x00000000        0x0 /opt/homebrew/Cellar/riscv64-elf-gcc/15.2.0/lib/gcc/riscv64-elf/15.2.0/rv32i/ilp32//libgcc.a(muldi3.o)
 .data          0x00000000        0x0 /opt/homebrew/Cellar/riscv64-elf-gcc/15.2.0/lib/gcc/riscv64-elf/15.2.0/rv32i/ilp32//libgcc.a(div.o)
 .bss           0x00000000        0x0 /opt/homebrew/Cellar/riscv64-elf-gcc/15.2.0/lib/gcc/riscv64-elf/15.2.0/rv32i/ilp32//libgcc.a(div.o)

Memory Configuration

Name             Origin             Length             Attributes
RAM              0x00010000         0x0fff0000         xrw
*default*        0x00000000         0xffffffff

Linker script and memory map

LOAD build/lib/start.o
LOAD /var/folders/x1/dw9cr25s1j5606xy8x6yg_yh0000gn/T//ccDV2Xmt.o
LOAD build/lib/hal.o
LOAD build/lib/graphics.o
LOAD build/lib/font_8x8.o
LOAD /opt/homebrew/Cellar/riscv64-elf-gcc/15.2.0/lib/gcc/riscv64-elf/15.2.0/rv32i/ilp32//libgcc.a
LOAD /opt/homebrew/Cellar/riscv64-elf-gcc/15.2.0/lib/gcc/riscv64-elf/15.2.0/rv32i/ilp32/libgcc.a
                0x00010000                        . = 0x10000

.text           0x00010000     0x14c0
 *(.text.start)
 .text.start    0x00010000       0x34 build/lib/start.o
                0x00010000                _start
                0x00010030                trap_handler
 *(.text*)
 .text.benchmark_uart
                0x00010034       0x48 /var/folders/x1/dw9cr25s1j5606xy8x6yg_yh0000gn/T//ccDV2Xmt.o
                0x00010034                benchmark_uart
 .text.benchmark_lcd
                0x0001007c       0x70 /var/folders/x1/dw9cr25s1j5606xy8x6yg_yh0000gn/T//ccDV2Xmt.o
                0x0001007c                benchmark_lcd
 .text.benchmark_graphics
                0x000100ec       0xa8 /var/folders/x1/dw9cr25s1j5606xy8x6yg_yh0000gn/T//ccDV2Xmt.o
                0x000100ec                benchmark_graphics
 .text.display_results
                0x00010194      0x1cc /var/folders/x1/dw9cr25s1j5606xy8x6yg_yh0000gn/T//ccDV2Xmt.o
                0x00010194                display_results
 .text.startup.main
                0x00010360       0xfc /var/folders/x1/dw9cr25s1j5606xy8x6yg_yh0000gn/T//ccDV2Xmt.o
                0x00010360                main
 .text.uart_init
                0x0001045c       0x34 build/lib/hal.o
                0x0001045c                uart_init
 .text.uart_putc
                0x00010490       0x18 build/lib/hal.o
                0x00010490                uart_putc
 .text.uart_puts
                0x000104a8       0x2c build/lib/hal.o
                0x000104a8                uart_puts
 .text.lcd_init
                0x000104d4       0x98 build/lib/hal.o
                0x000104d4                lcd_init
 .text.lcd_set_window
                0x0001056c       0xfc build/lib/hal.o
                0x0001056c                lcd_set_window
 .text.lcd_fill_rect.part.0
                0x00010668       0xd8 build/lib/hal.o
 .text.lcd_draw_pixel
                0x00010740       0x90 build/lib/hal.o
                0x00010740                lcd_draw_pixel
 .text.lcd_clear
                0x000107d0       0x18 build/lib/hal.o
                0x000107d0                lcd_clear
 .text.delay_ms
                0x000107e8       0x48 build/lib/hal.o
                0x000107e8                delay_ms
 .text.lcd_draw_line
                0x00010830      0x110 build/lib/graphics.o
                0x00010830                lcd_draw_line
 .text.lcd_draw_rect
                0x00010940       0xb0 build/lib/graphics.o
                0x00010940                lcd_draw_rect
 .text.lcd_fill_circle
                0x000109f0       0xe0 build/lib/graphics.o
                0x000109f0                lcd_fill_circle
 .text.lcd_draw_char
                0x00010ad0       0xdc build/lib/graphics.o
                0x00010ad0                lcd_draw_char
 .text.lcd_draw_string
                0x00010bac       0xc4 build/lib/graphics.o
                0x00010bac                lcd_draw_string
 .text.lcd_printf
                0x00010c70      0x230 build/lib/graphics.o
                0x00010c70                lcd_printf
 .text          0x00010ea0       0x24 /opt/homebrew/Cellar/riscv64-elf-gcc/15.2.0/lib/gcc/riscv64-elf/15.2.0/rv32i/ilp32//libgcc.a(muldi3.o)
                0x00010ea0                __mulsi3
 .text          0x00010ec4       0xb4 /opt/homebrew/Cellar/riscv64-elf-gcc/15.2.0/lib/gcc/riscv64-elf/15.2.0/rv32i/ilp32//libgcc.a(div.o)
                0x00010ec4                __divsi3
                0x00010ecc                __hidden___udivsi3
                0x00010ecc                __udivsi3
                0x00010f14                __umodsi3
                0x00010f48                __modsi3
 *(.rodata*)
 .rodata.benchmark_graphics.str1.4
                0x00010f78      0x145 /var/folders/x1/dw9cr25s1j5606xy8x6yg_yh0000gn/T//ccDV2Xmt.o
                                  0x5 (size before relaxing)
 .rodata.display_results.str1.4
                0x000110bd        0x0 /var/folders/x1/dw9cr25s1j5606xy8x6yg_yh0000gn/T//ccDV2Xmt.o
                                 0xa4 (size before relaxing)
 .rodata.main.str1.4
                0x000110bd        0x0 /var/folders/x1/dw9cr25s1j5606xy8x6yg_yh0000gn/T//ccDV2Xmt.o
                                 0x99 (size before relaxing)
 *fill*         0x000110bd        0x3 
 .rodata.font_8x8
                0x000110c0      0x400 build/lib/font_8x8.o
                0x000110c0                font_8x8

.rela.dyn       0x000114c0        0x0
 .rela.text.start
                0x000114c0        0x0 build/lib/start.o

.data
 *(.data*)
 *(.sdata*)

.bss            0x000114c0        0x0
                0x000114c0                        __bss_start = .
 *(.bss*)
 *(.sbss*)
 *(COMMON)
                0x000114c0                        __bss_end = .
                0x000114c0                        . = ALIGN (0x10)
                0x00100000                        __stack_top = 0x100000

/DISCARD/
 *(.comment)
 *(.eh_frame)
OUTPUT(build/benchmark.elf elf32-littleriscv)

.riscv.attributes
                0x00000000       0x1c
 .riscv.attributes
                0x00000000       0x1a build/lib/start.o
 .riscv.attributes
                0x0000001a       0x1c /var/folders/x1/dw9cr25s1j5606xy8x6yg_yh0000gn/T//ccDV2Xmt.o
 .riscv.attributes
                0x00000036       0x1c build/lib/hal.o
 .riscv.attributes
                0x00000052       0x1c build/lib/graphics.o
 .riscv.attributes
                0x0000006e       0x1c build/lib/font_8x8.o
 .riscv.attributes
                0x0000008a       0x1a /opt/homebrew/Cellar/riscv64-elf-gcc/15.2.0/lib/gcc/riscv64-elf/15.2.0/rv32i/ilp32//libgcc.a(muldi3.o)
 .riscv.attributes
                0x000000a4       0x1a /opt/homebrew/Cellar/riscv64-elf-gcc/15.2.0/lib/gcc/riscv64-elf/15.2.0/rv32i/ilp32//libgcc.a(div.o)

.note.GNU-stack
                0x00000000        0x0
 .note.GNU-stack
                0x00000000        0x0 /var/folders/x1/dw9cr25s1j5606xy8x6yg_yh0000gn/T//ccDV2Xmt.o
 .note.GNU-stack
                0x00000000        0x0 build/lib/hal.o
 .note.GNU-stack
                0x00000000        0x0 build/lib/graphics.o
 .note.GNU-stack
                0x00000000        0x0 build/lib/font_8x8.o

.debug_line     0x00000000     0x21df
 .debug_line    0x00000000       0x7e build/lib/start.o
 .debug_line    0x0000007e      0x4c7 /var/folders/x1/dw9cr25s1j5606xy8x6yg_yh0000gn/T//ccDV2Xmt.o
 .debug_line    0x00000545      0xe4d build/lib/hal.o
 .debug_line    0x00001392      0xc32 build/lib/graphics.o
 .debug_line    0x00001fc4       0x4e build/lib/font_8x8.o
 .debug_line    0x00002012       0x7a /opt/homebrew/Cellar/riscv64-elf-gcc/15.2.0/lib/gcc/riscv64-elf/15.2.0/rv32i/ilp32//libgcc.a(muldi3.o)
 .debug_line    0x0000208c      0x153 /opt/homebrew/Cellar/riscv64-elf-gcc/15.2.0/lib/gcc/riscv64-elf/15.2.0/rv32i/ilp32//libgcc.a(div.o)

.debug_line_str
                0x00000000      0x153
 .debug_line_str
                0x00000000      0x153 build/lib/start.o
                                 0x4b (size before relaxing)
 .debug_line_str
                0x00000153        0x0 /var/folders/x1/dw9cr25s1j5606xy8x6yg_yh0000gn/T//ccDV2Xmt.o
                                 0x8a (size before relaxing)
 .debug_line_str
                0x00000153        0x0 build/lib/hal.o
                                 0x59 (size before relaxing)
 .debug_line_str
                0x00000153        0x0 build/lib/graphics.o
                                 0x6e (size before relaxing)
 .debug_line_str
                0x00000153        0x0 build/lib/font_8x8.o
                                 0x6e (size before relaxing)
 .debug_line_str
                0x00000153        0x0 /opt/homebrew/Cellar/riscv64-elf-gcc/15.2.0/lib/gcc/riscv64-elf/15.2.0/rv32i/ilp32//libgcc.a(muldi3.o)
                                 0x9f (size before relaxing)
 .debug_line_str
                0x00000153        0x0 /opt/homebrew/Cellar/riscv64-elf-gcc/15.2.0/lib/gcc/riscv64-elf/15.2.0/rv32i/ilp32//libgcc.a(div.o)
                                 0x9c (size before relaxing)

.debug_info     0x00000000     0x1e40
 .debug_info    0x00000000       0x24 build/lib/start.o
 .debug_info    0x00000024      0x8bb /var/folders/x1/dw9cr25s1j5606xy8x6yg_yh0000gn/T//ccDV2Xmt.o
 .debug_info    0x000008df      0x9bd build/lib/hal.o
 .debug_info    0x0000129c      0xa80 build/lib/graphics.o
 .debug_info    0x00001d1c       0x94 build/lib/font_8x8.o
 .debug_info    0x00001db0       0x31 /opt/homebrew/Cellar/riscv64-elf-gcc/15.2.0/lib/gcc/riscv64-elf/15.2.0/rv32i/ilp32//libgcc.a(muldi3.o)
 .debug_info    0x00001de1       0x5f /opt/homebrew/Cellar/riscv64-elf-gcc/15.2.0/lib/gcc/riscv64-elf/15.2.0/rv32i/ilp32//libgcc.a(div.o)

.debug_abbrev   0x00000000      0x7f2
 .debug_abbrev  0x00000000       0x14 build/lib/start.o
 .debug_abbrev  0x00000014      0x1ee /var/folders/x1/dw9cr25s1j5606xy8x6yg_yh0000gn/T//ccDV2Xmt.o
 .debug_abbrev  0x00000202      0x29d build/lib/hal.o
 .debug_abbrev  0x0000049f      0x28d build/lib/graphics.o
 .debug_abbrev  0x0000072c       0x76 build/lib/font_8x8.o
 .debug_abbrev  0x000007a2       0x28 /opt/homebrew/Cellar/riscv64-elf-gcc/15.2.0/lib/gcc/riscv64-elf/15.2.0/rv32i/ilp32//libgcc.a(muldi3.o)
 .debug_abbrev  0x000007ca       0x28 /opt/homebrew/Cellar/riscv64-elf-gcc/15.2.0/lib/gcc/riscv64-elf/15.2.0/rv32i/ilp32//libgcc.a(div.o)

.debug_aranges  0x00000000      0x1c0
 .debug_aranges
                0x00000000       0x20 build/lib/start.o
 .debug_aranges
                0x00000020       0x48 /var/folders/x1/dw9cr25s1j5606xy8x6yg_yh0000gn/T//ccDV2Xmt.o
 .debug_aranges
                0x00000068       0xa8 build/lib/hal.o
 .debug_aranges
                0x00000110       0x58 build/lib/graphics.o
 .debug_aranges
                0x00000168       0x18 build/lib/font_8x8.o
 .debug_aranges
                0x00000180       0x20 /opt/homebrew/Cellar/riscv64-elf-gcc/15.2.0/lib/gcc/riscv64-elf/15.2.0/rv32i/ilp32//libgcc.a(muldi3.o)
 .debug_aranges
                0x000001a0       0x20 /opt/homebrew/Cellar/riscv64-elf-gcc/15.2.0/lib/gcc/riscv64-elf/15.2.0/rv32i/ilp32//libgcc.a(div.o)

.debug_str      0x00000000      0x511
 .debug_str     0x00000000      0x511 build/lib/start.o
                                 0x59 (size before relaxing)
 .debug_str     0x00000511        0x0 /var/folders/x1/dw9cr25s1j5606xy8x6yg_yh0000gn/T//ccDV2Xmt.o
                                0x25e (size before relaxing)
 .debug_str     0x00000511        0x0 build/lib/hal.o
                                0x258 (size before relaxing)
 .debug_str     0x00000511        0x0 build/lib/graphics.o
                                0x1c9 (size before relaxing)
 .debug_str     0x00000511        0x0 build/lib/font_8x8.o
                                 0xbc (size before relaxing)
 .debug_str     0x00000511        0x0 /opt/homebrew/Cellar/riscv64-elf-gcc/15.2.0/lib/gcc/riscv64-elf/15.2.0/rv32i/ilp32//libgcc.a(muldi3.o)
                                 0xb4 (size before relaxing)
 .debug_str     0x00000511        0x0 /opt/homebrew/Cellar/riscv64-elf-gcc/15.2.0/lib/gcc/riscv64-elf/15.2.0/rv32i/ilp32//libgcc.a(div.o)
                                 0xe1 (size before relaxing)

.debug_loclists
                0x00000000     0x10ea
 .debug_loclists
                0x00000000       0xea /var/folders/x1/dw9cr25s1j5606xy8x6yg_yh0000gn/T//ccDV2Xmt.o
 .debug_loclists
                0x000000ea      0x3c4 build/lib/hal.o
 .debug_loclists
                0x000004ae      0xc3c build/lib/graphics.o

.debug_rnglists
                0x00000000      0x2a8
 .debug_rnglists
                0x00000000       0x6e /var/folders/x1/dw9cr25s1j5606xy8x6yg_yh0000gn/T//ccDV2Xmt.o
 .debug_rnglists
                0x0000006e      0x162 build/lib/hal.o
 .debug_rnglists
                0x000001d0       0xd8 build/lib/graphics.o

.debug_frame    0x00000000      0x4dc
 .debug_frame   0x00000000       0xe0 /var/folders/x1/dw9cr25s1j5606xy8x6yg_yh0000gn/T//ccDV2Xmt.o
 .debug_frame   0x000000e0      0x180 build/lib/hal.o
 .debug_frame   0x00000260      0x27c build/lib/graphics.o
