Archive member included to satisfy reference by file (symbol)

/usr/lib/gcc/riscv64-unknown-elf/10.2.0/rv32i/ilp32//libgcc.a(muldi3.o)
                              build/lib/hal.o (__mulsi3)
/usr/lib/gcc/riscv64-unknown-elf/10.2.0/rv32i/ilp32//libgcc.a(div.o)
                              build/lib/graphics.o (__divsi3)

Discarded input sections

 .text          0x0000000000000000        0x0 build/lib/start.o
 .data          0x0000000000000000        0x0 build/lib/start.o
 .bss           0x0000000000000000        0x0 build/lib/start.o
 .text          0x0000000000000000        0x0 /tmp/ccxQwEWz.o
 .data          0x0000000000000000        0x0 /tmp/ccxQwEWz.o
 .bss           0x0000000000000000        0x0 /tmp/ccxQwEWz.o
 .text.benchmark_ai
                0x0000000000000000       0x28 /tmp/ccxQwEWz.o
 .comment       0x0000000000000000       0x10 /tmp/ccxQwEWz.o
 .text          0x0000000000000000        0x0 build/lib/hal.o
 .data          0x0000000000000000        0x0 build/lib/hal.o
 .bss           0x0000000000000000        0x0 build/lib/hal.o
 .text.uart_getc
                0x0000000000000000       0x1c build/lib/hal.o
 .text.uart_rx_ready
                0x0000000000000000       0x14 build/lib/hal.o
 .text.uart_tx_ready
                0x0000000000000000       0x18 build/lib/hal.o
 .text.lcd_reset
                0x0000000000000000       0x88 build/lib/hal.o
 .text.lcd_backlight
                0x0000000000000000       0x24 build/lib/hal.o
 .text.lcd_send_command
                0x0000000000000000       0x18 build/lib/hal.o
 .text.lcd_send_data
                0x0000000000000000       0x18 build/lib/hal.o
 .text.lcd_fill_rect
                0x0000000000000000       0x24 build/lib/hal.o
 .text.delay_us
                0x0000000000000000       0x34 build/lib/hal.o
 .comment       0x0000000000000000       0x10 build/lib/hal.o
 .text          0x0000000000000000        0x0 build/lib/graphics.o
 .data          0x0000000000000000        0x0 build/lib/graphics.o
 .bss           0x0000000000000000        0x0 build/lib/graphics.o
 .text.lcd_draw_circle
                0x0000000000000000      0x1b0 build/lib/graphics.o
 .text.lcd_draw_image
                0x0000000000000000      0x108 build/lib/graphics.o
 .comment       0x0000000000000000       0x10 build/lib/graphics.o
 .text          0x0000000000000000        0x0 build/lib/font_8x8.o
 .data          0x0000000000000000        0x0 build/lib/font_8x8.o
 .bss           0x0000000000000000        0x0 build/lib/font_8x8.o
 .comment       0x0000000000000000       0x10 build/lib/font_8x8.o
 .data          0x0000000000000000        0x0 /usr/lib/gcc/riscv64-unknown-elf/10.2.0/rv32i/ilp32//libgcc.a(muldi3.o)
 .bss           0x0000000000000000        0x0 /usr/lib/gcc/riscv64-unknown-elf/10.2.0/rv32i/ilp32//libgcc.a(muldi3.o)
 .data          0x0000000000000000        0x0 /usr/lib/gcc/riscv64-unknown-elf/10.2.0/rv32i/ilp32//libgcc.a(div.o)
 .bss           0x0000000000000000        0x0 /usr/lib/gcc/riscv64-unknown-elf/10.2.0/rv32i/ilp32//libgcc.a(div.o)

Memory Configuration

Name             Origin             Length             Attributes
RAM              0x0000000000010000 0x000000000fff0000 xrw
*default*        0x0000000000000000 0xffffffffffffffff

Linker script and memory map

LOAD build/lib/start.o
LOAD /tmp/ccxQwEWz.o
LOAD build/lib/hal.o
LOAD build/lib/graphics.o
LOAD build/lib/font_8x8.o
LOAD /usr/lib/gcc/riscv64-unknown-elf/10.2.0/rv32i/ilp32//libgcc.a
LOAD /usr/lib/gcc/riscv64-unknown-elf/10.2.0/rv32i/ilp32/libgcc.a
                0x0000000000010000                . = 0x10000

.text           0x0000000000010000     0x150c
 *(.text.start)
 .text.start    0x0000000000010000       0x34 build/lib/start.o
                0x0000000000010000                _start
                0x0000000000010030                trap_handler
 *(.text*)
 .text.benchmark_uart
                0x0000000000010034       0x48 /tmp/ccxQwEWz.o
                0x0000000000010034                benchmark_uart
 .text.benchmark_lcd
                0x000000000001007c       0x70 /tmp/ccxQwEWz.o
                0x000000000001007c                benchmark_lcd
 .text.benchmark_graphics
                0x00000000000100ec       0xb0 /tmp/ccxQwEWz.o
                0x00000000000100ec                benchmark_graphics
 .text.display_results
                0x000000000001019c      0x1cc /tmp/ccxQwEWz.o
                0x000000000001019c                display_results
 .text.startup.main
                0x0000000000010368      0x108 /tmp/ccxQwEWz.o
                0x0000000000010368                main
 .text.uart_init
                0x0000000000010470       0x34 build/lib/hal.o
                0x0000000000010470                uart_init
 .text.uart_putc
                0x00000000000104a4       0x18 build/lib/hal.o
                0x00000000000104a4                uart_putc
 .text.uart_puts
                0x00000000000104bc       0x2c build/lib/hal.o
                0x00000000000104bc                uart_puts
 .text.lcd_init
                0x00000000000104e8       0x98 build/lib/hal.o
                0x00000000000104e8                lcd_init
 .text.lcd_set_window
                0x0000000000010580      0x100 build/lib/hal.o
                0x0000000000010580                lcd_set_window
 .text.lcd_fill_rect.part.0
                0x0000000000010680       0xe4 build/lib/hal.o
 .text.lcd_draw_pixel
                0x0000000000010764       0x9c build/lib/hal.o
                0x0000000000010764                lcd_draw_pixel
 .text.lcd_clear
                0x0000000000010800       0x18 build/lib/hal.o
                0x0000000000010800                lcd_clear
 .text.delay_ms
                0x0000000000010818       0x48 build/lib/hal.o
                0x0000000000010818                delay_ms
 .text.lcd_draw_line
                0x0000000000010860      0x100 build/lib/graphics.o
                0x0000000000010860                lcd_draw_line
 .text.lcd_draw_rect
                0x0000000000010960       0xb4 build/lib/graphics.o
                0x0000000000010960                lcd_draw_rect
 .text.lcd_fill_circle
                0x0000000000010a14       0xec build/lib/graphics.o
                0x0000000000010a14                lcd_fill_circle
 .text.lcd_draw_char
                0x0000000000010b00       0xdc build/lib/graphics.o
                0x0000000000010b00                lcd_draw_char
 .text.lcd_draw_string
                0x0000000000010bdc       0xd0 build/lib/graphics.o
                0x0000000000010bdc                lcd_draw_string
 .text.lcd_printf
                0x0000000000010cac      0x240 build/lib/graphics.o
                0x0000000000010cac                lcd_printf
 .text          0x0000000000010eec       0x24 /usr/lib/gcc/riscv64-unknown-elf/10.2.0/rv32i/ilp32//libgcc.a(muldi3.o)
                0x0000000000010eec                __mulsi3
 .text          0x0000000000010f10       0xb4 /usr/lib/gcc/riscv64-unknown-elf/10.2.0/rv32i/ilp32//libgcc.a(div.o)
                0x0000000000010f10                __divsi3
                0x0000000000010f18                __udivsi3
                0x0000000000010f60                __umodsi3
                0x0000000000010f94                __modsi3
 *(.rodata*)
 .rodata.benchmark_graphics.str1.4
                0x0000000000010fc4        0x5 /tmp/ccxQwEWz.o
 *fill*         0x0000000000010fc9        0x3 
 .rodata.display_results.str1.4
                0x0000000000010fcc       0xa4 /tmp/ccxQwEWz.o
 .rodata.main.str1.4
                0x0000000000011070       0x99 /tmp/ccxQwEWz.o
 *fill*         0x0000000000011109        0x3 
 .rodata.font_8x8
                0x000000000001110c      0x400 build/lib/font_8x8.o
                0x000000000001110c                font_8x8

.rela.dyn       0x000000000001150c        0x0
 .rela.text.start
                0x000000000001150c        0x0 build/lib/start.o

.data
 *(.data*)
 *(.sdata*)

.bss            0x000000000001150c        0x0
                0x000000000001150c                __bss_start = .
 *(.bss*)
 *(.sbss*)
 *(COMMON)
                0x000000000001150c                __bss_end = .
                0x0000000000011510                . = ALIGN (0x10)
                0x0000000000100000                __stack_top = 0x100000

/DISCARD/
 *(.comment)
 *(.eh_frame)
OUTPUT(build/benchmark.elf elf32-littleriscv)

.riscv.attributes
                0x0000000000000000       0x1c
 .riscv.attributes
                0x0000000000000000       0x1a build/lib/start.o
 .riscv.attributes
                0x000000000000001a       0x1c /tmp/ccxQwEWz.o
 .riscv.attributes
                0x0000000000000036       0x1c build/lib/hal.o
 .riscv.attributes
                0x0000000000000052       0x1c build/lib/graphics.o
 .riscv.attributes
                0x000000000000006e       0x1c build/lib/font_8x8.o
 .riscv.attributes
                0x000000000000008a       0x1a /usr/lib/gcc/riscv64-unknown-elf/10.2.0/rv32i/ilp32//libgcc.a(muldi3.o)
 .riscv.attributes
                0x00000000000000a4       0x1a /usr/lib/gcc/riscv64-unknown-elf/10.2.0/rv32i/ilp32//libgcc.a(div.o)

.debug_line     0x0000000000000000     0x251b
 .debug_line    0x0000000000000000       0x70 build/lib/start.o
 .debug_line    0x0000000000000070      0x59b /tmp/ccxQwEWz.o
 .debug_line    0x000000000000060b     0x100b build/lib/hal.o
 .debug_line    0x0000000000001616      0xcd1 build/lib/graphics.o
 .debug_line    0x00000000000022e7       0x46 build/lib/font_8x8.o
 .debug_line    0x000000000000232d       0x8c /usr/lib/gcc/riscv64-unknown-elf/10.2.0/rv32i/ilp32//libgcc.a(muldi3.o)
 .debug_line    0x00000000000023b9      0x162 /usr/lib/gcc/riscv64-unknown-elf/10.2.0/rv32i/ilp32//libgcc.a(div.o)

.debug_info     0x0000000000000000     0x1b28
 .debug_info    0x0000000000000000       0x26 build/lib/start.o
 .debug_info    0x0000000000000026      0x7f8 /tmp/ccxQwEWz.o
 .debug_info    0x000000000000081e      0x8bf build/lib/hal.o
 .debug_info    0x00000000000010dd      0x971 build/lib/graphics.o
 .debug_info    0x0000000000001a4e       0x8e build/lib/font_8x8.o
 .debug_info    0x0000000000001adc       0x26 /usr/lib/gcc/riscv64-unknown-elf/10.2.0/rv32i/ilp32//libgcc.a(muldi3.o)
 .debug_info    0x0000000000001b02       0x26 /usr/lib/gcc/riscv64-unknown-elf/10.2.0/rv32i/ilp32//libgcc.a(div.o)

.debug_abbrev   0x0000000000000000      0x746
 .debug_abbrev  0x0000000000000000       0x14 build/lib/start.o
 .debug_abbrev  0x0000000000000014      0x1b8 /tmp/ccxQwEWz.o
 .debug_abbrev  0x00000000000001cc      0x268 build/lib/hal.o
 .debug_abbrev  0x0000000000000434      0x27a build/lib/graphics.o
 .debug_abbrev  0x00000000000006ae       0x70 build/lib/font_8x8.o
 .debug_abbrev  0x000000000000071e       0x14 /usr/lib/gcc/riscv64-unknown-elf/10.2.0/rv32i/ilp32//libgcc.a(muldi3.o)
 .debug_abbrev  0x0000000000000732       0x14 /usr/lib/gcc/riscv64-unknown-elf/10.2.0/rv32i/ilp32//libgcc.a(div.o)

.debug_aranges  0x0000000000000000      0x1c0
 .debug_aranges
                0x0000000000000000       0x20 build/lib/start.o
 .debug_aranges
                0x0000000000000020       0x48 /tmp/ccxQwEWz.o
 .debug_aranges
                0x0000000000000068       0xa8 build/lib/hal.o
 .debug_aranges
                0x0000000000000110       0x58 build/lib/graphics.o
 .debug_aranges
                0x0000000000000168       0x18 build/lib/font_8x8.o
 .debug_aranges
                0x0000000000000180       0x20 /usr/lib/gcc/riscv64-unknown-elf/10.2.0/rv32i/ilp32//libgcc.a(muldi3.o)
 .debug_aranges
                0x00000000000001a0       0x20 /usr/lib/gcc/riscv64-unknown-elf/10.2.0/rv32i/ilp32//libgcc.a(div.o)

.debug_str      0x0000000000000000      0x4f5
 .debug_str     0x0000000000000000       0x4b build/lib/start.o
 .debug_str     0x000000000000004b      0x211 /tmp/ccxQwEWz.o
                                        0x263 (size before relaxing)
 .debug_str     0x000000000000025c      0x13a build/lib/hal.o
                                        0x268 (size before relaxing)
 .debug_str     0x0000000000000396       0x89 build/lib/graphics.o
                                        0x1de (size before relaxing)
 .debug_str     0x000000000000041f        0xf build/lib/font_8x8.o
                                         0xe8 (size before relaxing)
 .debug_str     0x000000000000042e       0x9e /usr/lib/gcc/riscv64-unknown-elf/10.2.0/rv32i/ilp32//libgcc.a(muldi3.o)
                                         0xac (size before relaxing)
 .debug_str     0x00000000000004cc       0x29 /usr/lib/gcc/riscv64-unknown-elf/10.2.0/rv32i/ilp32//libgcc.a(div.o)
                                         0xa9 (size before relaxing)

.debug_loc      0x0000000000000000     0x1168
 .debug_loc     0x0000000000000000      0x162 /tmp/ccxQwEWz.o
 .debug_loc     0x0000000000000162      0x4ca build/lib/hal.o
 .debug_loc     0x000000000000062c      0xb3c build/lib/graphics.o

.debug_ranges   0x0000000000000000      0x488
 .debug_ranges  0x0000000000000000       0xb0 /tmp/ccxQwEWz.o
 .debug_ranges  0x00000000000000b0      0x258 build/lib/hal.o
 .debug_ranges  0x0000000000000308      0x180 build/lib/graphics.o

.debug_frame    0x0000000000000000      0x4bc
 .debug_frame   0x0000000000000000       0xe4 /tmp/ccxQwEWz.o
 .debug_frame   0x00000000000000e4      0x18c build/lib/hal.o
 .debug_frame   0x0000000000000270      0x24c build/lib/graphics.o
