Archive member included to satisfy reference by file (symbol)

/usr/lib/gcc/riscv64-unknown-elf/10.2.0/rv32i/ilp32//libgcc.a(muldi3.o)
                              build/lib/hal.o (__mulsi3)
/usr/lib/gcc/riscv64-unknown-elf/10.2.0/rv32i/ilp32//libgcc.a(div.o)
                              build/lib/graphics.o (__divsi3)

Discarded input sections

 .text          0x0000000000000000        0x0 build/lib/start.o
 .data          0x0000000000000000        0x0 build/lib/start.o
 .bss           0x0000000000000000        0x0 build/lib/start.o
 .text          0x0000000000000000        0x0 /tmp/ccn1kYQJ.o
 .data          0x0000000000000000        0x0 /tmp/ccn1kYQJ.o
 .bss           0x0000000000000000        0x0 /tmp/ccn1kYQJ.o
 .comment       0x0000000000000000       0x10 /tmp/ccn1kYQJ.o
 .text          0x0000000000000000        0x0 build/lib/hal.o
 .data          0x0000000000000000        0x0 build/lib/hal.o
 .bss           0x0000000000000000        0x0 build/lib/hal.o
 .text.uart_getc
                0x0000000000000000       0x1c build/lib/hal.o
 .text.uart_rx_ready
                0x0000000000000000       0x14 build/lib/hal.o
 .text.uart_tx_ready
                0x0000000000000000       0x18 build/lib/hal.o
 .text.lcd_reset
                0x0000000000000000       0x88 build/lib/hal.o
 .text.lcd_backlight
                0x0000000000000000       0x24 build/lib/hal.o
 .text.lcd_send_command
                0x0000000000000000       0x18 build/lib/hal.o
 .text.lcd_send_data
                0x0000000000000000       0x18 build/lib/hal.o
 .text.lcd_fill_rect
                0x0000000000000000       0x24 build/lib/hal.o
 .text.delay_us
                0x0000000000000000       0x34 build/lib/hal.o
 .text.flash_init
                0x0000000000000000        0x4 build/lib/hal.o
 .text.flash_read
                0x0000000000000000       0x44 build/lib/hal.o
 .text.flash_write_enable
                0x0000000000000000       0x34 build/lib/hal.o
 .text.flash_write
                0x0000000000000000       0x64 build/lib/hal.o
 .text.flash_erase_sector
                0x0000000000000000       0x60 build/lib/hal.o
 .text.flash_busy
                0x0000000000000000       0x14 build/lib/hal.o
 .text.psram_init
                0x0000000000000000       0x10 build/lib/hal.o
 .text.psram_read
                0x0000000000000000       0x38 build/lib/hal.o
 .text.psram_write
                0x0000000000000000       0x38 build/lib/hal.o
 .text.psram_read_block
                0x0000000000000000       0x78 build/lib/hal.o
 .text.psram_write_block
                0x0000000000000000       0x7c build/lib/hal.o
 .text.psram_enable_qpi
                0x0000000000000000       0x28 build/lib/hal.o
 .text.psram_disable_qpi
                0x0000000000000000       0x28 build/lib/hal.o
 .text.psram_is_qpi_mode
                0x0000000000000000       0x10 build/lib/hal.o
 .comment       0x0000000000000000       0x10 build/lib/hal.o
 .text          0x0000000000000000        0x0 build/lib/graphics.o
 .data          0x0000000000000000        0x0 build/lib/graphics.o
 .bss           0x0000000000000000        0x0 build/lib/graphics.o
 .text.lcd_draw_circle
                0x0000000000000000      0x1b0 build/lib/graphics.o
 .text.lcd_printf
                0x0000000000000000      0x24c build/lib/graphics.o
 .text.lcd_draw_image
                0x0000000000000000      0x108 build/lib/graphics.o
 .comment       0x0000000000000000       0x10 build/lib/graphics.o
 .text          0x0000000000000000        0x0 build/lib/font_8x8.o
 .data          0x0000000000000000        0x0 build/lib/font_8x8.o
 .bss           0x0000000000000000        0x0 build/lib/font_8x8.o
 .comment       0x0000000000000000       0x10 build/lib/font_8x8.o
 .data          0x0000000000000000        0x0 /usr/lib/gcc/riscv64-unknown-elf/10.2.0/rv32i/ilp32//libgcc.a(muldi3.o)
 .bss           0x0000000000000000        0x0 /usr/lib/gcc/riscv64-unknown-elf/10.2.0/rv32i/ilp32//libgcc.a(muldi3.o)
 .data          0x0000000000000000        0x0 /usr/lib/gcc/riscv64-unknown-elf/10.2.0/rv32i/ilp32//libgcc.a(div.o)
 .bss           0x0000000000000000        0x0 /usr/lib/gcc/riscv64-unknown-elf/10.2.0/rv32i/ilp32//libgcc.a(div.o)

Memory Configuration

Name             Origin             Length             Attributes
RAM              0x0000000000010000 0x000000000fff0000 xrw
*default*        0x0000000000000000 0xffffffffffffffff

Linker script and memory map

LOAD build/lib/start.o
LOAD /tmp/ccn1kYQJ.o
LOAD build/lib/hal.o
LOAD build/lib/graphics.o
LOAD build/lib/font_8x8.o
LOAD /usr/lib/gcc/riscv64-unknown-elf/10.2.0/rv32i/ilp32//libgcc.a
LOAD /usr/lib/gcc/riscv64-unknown-elf/10.2.0/rv32i/ilp32/libgcc.a
                0x0000000000010000                . = 0x10000

.text           0x0000000000010000      0xea4
 *(.text.start)
 .text.start    0x0000000000010000       0x34 build/lib/start.o
                0x0000000000010000                _start
                0x0000000000010030                trap_handler
 *(.text*)
 .text.startup.main
                0x0000000000010034      0x128 /tmp/ccn1kYQJ.o
                0x0000000000010034                main
 .text.uart_init
                0x000000000001015c       0x34 build/lib/hal.o
                0x000000000001015c                uart_init
 .text.uart_putc
                0x0000000000010190       0x18 build/lib/hal.o
                0x0000000000010190                uart_putc
 .text.uart_puts
                0x00000000000101a8       0x2c build/lib/hal.o
                0x00000000000101a8                uart_puts
 .text.lcd_init
                0x00000000000101d4       0x98 build/lib/hal.o
                0x00000000000101d4                lcd_init
 .text.lcd_set_window
                0x000000000001026c      0x100 build/lib/hal.o
                0x000000000001026c                lcd_set_window
 .text.lcd_fill_rect.part.0
                0x000000000001036c       0xe4 build/lib/hal.o
 .text.lcd_draw_pixel
                0x0000000000010450       0x9c build/lib/hal.o
                0x0000000000010450                lcd_draw_pixel
 .text.lcd_clear
                0x00000000000104ec       0x18 build/lib/hal.o
                0x00000000000104ec                lcd_clear
 .text.delay_ms
                0x0000000000010504       0x48 build/lib/hal.o
                0x0000000000010504                delay_ms
 .text.lcd_draw_line
                0x000000000001054c      0x100 build/lib/graphics.o
                0x000000000001054c                lcd_draw_line
 .text.lcd_draw_rect
                0x000000000001064c       0xb4 build/lib/graphics.o
                0x000000000001064c                lcd_draw_rect
 .text.lcd_fill_circle
                0x0000000000010700       0xec build/lib/graphics.o
                0x0000000000010700                lcd_fill_circle
 .text.lcd_draw_char
                0x00000000000107ec       0xdc build/lib/graphics.o
                0x00000000000107ec                lcd_draw_char
 .text.lcd_draw_string
                0x00000000000108c8       0xd0 build/lib/graphics.o
                0x00000000000108c8                lcd_draw_string
 .text          0x0000000000010998       0x24 /usr/lib/gcc/riscv64-unknown-elf/10.2.0/rv32i/ilp32//libgcc.a(muldi3.o)
                0x0000000000010998                __mulsi3
 .text          0x00000000000109bc       0xb4 /usr/lib/gcc/riscv64-unknown-elf/10.2.0/rv32i/ilp32//libgcc.a(div.o)
                0x00000000000109bc                __divsi3
                0x00000000000109c4                __udivsi3
                0x0000000000010a0c                __umodsi3
                0x0000000000010a40                __modsi3
 *(.rodata*)
 .rodata.main.str1.4
                0x0000000000010a70       0x31 /tmp/ccn1kYQJ.o
 *fill*         0x0000000000010aa1        0x3 
 .rodata.font_8x8
                0x0000000000010aa4      0x400 build/lib/font_8x8.o
                0x0000000000010aa4                font_8x8

.rela.dyn       0x0000000000010ea4        0x0
 .rela.text.start
                0x0000000000010ea4        0x0 build/lib/start.o

.data
 *(.data*)
 *(.sdata*)

.bss            0x0000000000010ea4        0x0
                0x0000000000010ea4                __bss_start = .
 *(.bss*)
 *(.sbss*)
 *(COMMON)
                0x0000000000010ea4                __bss_end = .
                0x0000000000010eb0                . = ALIGN (0x10)
                0x0000000000100000                __stack_top = 0x100000

/DISCARD/
 *(.comment)
 *(.eh_frame)
OUTPUT(build/hello_lcd.elf elf32-littleriscv)

.riscv.attributes
                0x0000000000000000       0x1c
 .riscv.attributes
                0x0000000000000000       0x1a build/lib/start.o
 .riscv.attributes
                0x000000000000001a       0x1c /tmp/ccn1kYQJ.o
 .riscv.attributes
                0x0000000000000036       0x1c build/lib/hal.o
 .riscv.attributes
                0x0000000000000052       0x1c build/lib/graphics.o
 .riscv.attributes
                0x000000000000006e       0x1c build/lib/font_8x8.o
 .riscv.attributes
                0x000000000000008a       0x1a /usr/lib/gcc/riscv64-unknown-elf/10.2.0/rv32i/ilp32//libgcc.a(muldi3.o)
 .riscv.attributes
                0x00000000000000a4       0x1a /usr/lib/gcc/riscv64-unknown-elf/10.2.0/rv32i/ilp32//libgcc.a(div.o)

.debug_line     0x0000000000000000     0x2be9
 .debug_line    0x0000000000000000       0x70 build/lib/start.o
 .debug_line    0x0000000000000070      0x130 /tmp/ccn1kYQJ.o
 .debug_line    0x00000000000001a0     0x1b44 build/lib/hal.o
 .debug_line    0x0000000000001ce4      0xcd1 build/lib/graphics.o
 .debug_line    0x00000000000029b5       0x46 build/lib/font_8x8.o
 .debug_line    0x00000000000029fb       0x8c /usr/lib/gcc/riscv64-unknown-elf/10.2.0/rv32i/ilp32//libgcc.a(muldi3.o)
 .debug_line    0x0000000000002a87      0x162 /usr/lib/gcc/riscv64-unknown-elf/10.2.0/rv32i/ilp32//libgcc.a(div.o)

.debug_info     0x0000000000000000     0x1ad5
 .debug_info    0x0000000000000000       0x26 build/lib/start.o
 .debug_info    0x0000000000000026      0x2ab /tmp/ccn1kYQJ.o
 .debug_info    0x00000000000002d1      0xdb9 build/lib/hal.o
 .debug_info    0x000000000000108a      0x971 build/lib/graphics.o
 .debug_info    0x00000000000019fb       0x8e build/lib/font_8x8.o
 .debug_info    0x0000000000001a89       0x26 /usr/lib/gcc/riscv64-unknown-elf/10.2.0/rv32i/ilp32//libgcc.a(muldi3.o)
 .debug_info    0x0000000000001aaf       0x26 /usr/lib/gcc/riscv64-unknown-elf/10.2.0/rv32i/ilp32//libgcc.a(div.o)

.debug_abbrev   0x0000000000000000      0x76a
 .debug_abbrev  0x0000000000000000       0x14 build/lib/start.o
 .debug_abbrev  0x0000000000000014       0xa8 /tmp/ccn1kYQJ.o
 .debug_abbrev  0x00000000000000bc      0x39c build/lib/hal.o
 .debug_abbrev  0x0000000000000458      0x27a build/lib/graphics.o
 .debug_abbrev  0x00000000000006d2       0x70 build/lib/font_8x8.o
 .debug_abbrev  0x0000000000000742       0x14 /usr/lib/gcc/riscv64-unknown-elf/10.2.0/rv32i/ilp32//libgcc.a(muldi3.o)
 .debug_abbrev  0x0000000000000756       0x14 /usr/lib/gcc/riscv64-unknown-elf/10.2.0/rv32i/ilp32//libgcc.a(div.o)

.debug_aranges  0x0000000000000000      0x208
 .debug_aranges
                0x0000000000000000       0x20 build/lib/start.o
 .debug_aranges
                0x0000000000000020       0x20 /tmp/ccn1kYQJ.o
 .debug_aranges
                0x0000000000000040      0x118 build/lib/hal.o
 .debug_aranges
                0x0000000000000158       0x58 build/lib/graphics.o
 .debug_aranges
                0x00000000000001b0       0x18 build/lib/font_8x8.o
 .debug_aranges
                0x00000000000001c8       0x20 /usr/lib/gcc/riscv64-unknown-elf/10.2.0/rv32i/ilp32//libgcc.a(muldi3.o)
 .debug_aranges
                0x00000000000001e8       0x20 /usr/lib/gcc/riscv64-unknown-elf/10.2.0/rv32i/ilp32//libgcc.a(div.o)

.debug_str      0x0000000000000000      0x53e
 .debug_str     0x0000000000000000       0x4b build/lib/start.o
 .debug_str     0x000000000000004b      0x117 /tmp/ccn1kYQJ.o
                                        0x161 (size before relaxing)
 .debug_str     0x0000000000000162      0x264 build/lib/hal.o
                                        0x387 (size before relaxing)
 .debug_str     0x00000000000003c6       0xa2 build/lib/graphics.o
                                        0x1de (size before relaxing)
 .debug_str     0x0000000000000468        0xf build/lib/font_8x8.o
                                         0xe8 (size before relaxing)
 .debug_str     0x0000000000000477       0x9e /usr/lib/gcc/riscv64-unknown-elf/10.2.0/rv32i/ilp32//libgcc.a(muldi3.o)
                                         0xac (size before relaxing)
 .debug_str     0x0000000000000515       0x29 /usr/lib/gcc/riscv64-unknown-elf/10.2.0/rv32i/ilp32//libgcc.a(div.o)
                                         0xa9 (size before relaxing)

.debug_loc      0x0000000000000000     0x120c
 .debug_loc     0x0000000000000000       0x2a /tmp/ccn1kYQJ.o
 .debug_loc     0x000000000000002a      0x6a6 build/lib/hal.o
 .debug_loc     0x00000000000006d0      0xb3c build/lib/graphics.o

.debug_ranges   0x0000000000000000      0x530
 .debug_ranges  0x0000000000000000       0x10 /tmp/ccn1kYQJ.o
 .debug_ranges  0x0000000000000010      0x3a0 build/lib/hal.o
 .debug_ranges  0x00000000000003b0      0x180 build/lib/graphics.o

.debug_frame    0x0000000000000000      0x4e4
 .debug_frame   0x0000000000000000       0x2c /tmp/ccn1kYQJ.o
 .debug_frame   0x000000000000002c      0x26c build/lib/hal.o
 .debug_frame   0x0000000000000298      0x24c build/lib/graphics.o
