Archive member included to satisfy reference by file (symbol)

/opt/homebrew/Cellar/riscv64-elf-gcc/15.2.0/lib/gcc/riscv64-elf/15.2.0/rv32i/ilp32//libgcc.a(muldi3.o)
                              /var/folders/x1/dw9cr25s1j5606xy8x6yg_yh0000gn/T//ccDbSpJf.o (__mulsi3)
/opt/homebrew/Cellar/riscv64-elf-gcc/15.2.0/lib/gcc/riscv64-elf/15.2.0/rv32i/ilp32//libgcc.a(div.o)
                              /var/folders/x1/dw9cr25s1j5606xy8x6yg_yh0000gn/T//ccDbSpJf.o (__divsi3)

Discarded input sections

 .text          0x00000000        0x0 build/lib/start.o
 .data          0x00000000        0x0 build/lib/start.o
 .bss           0x00000000        0x0 build/lib/start.o
 .text          0x00000000        0x0 /var/folders/x1/dw9cr25s1j5606xy8x6yg_yh0000gn/T//ccDbSpJf.o
 .data          0x00000000        0x0 /var/folders/x1/dw9cr25s1j5606xy8x6yg_yh0000gn/T//ccDbSpJf.o
 .bss           0x00000000        0x0 /var/folders/x1/dw9cr25s1j5606xy8x6yg_yh0000gn/T//ccDbSpJf.o
 .text.update_status
                0x00000000       0xb0 /var/folders/x1/dw9cr25s1j5606xy8x6yg_yh0000gn/T//ccDbSpJf.o
 .text.draw_bar
                0x00000000       0xcc /var/folders/x1/dw9cr25s1j5606xy8x6yg_yh0000gn/T//ccDbSpJf.o
 .comment       0x00000000       0x13 /var/folders/x1/dw9cr25s1j5606xy8x6yg_yh0000gn/T//ccDbSpJf.o
 .text          0x00000000        0x0 build/lib/hal.o
 .data          0x00000000        0x0 build/lib/hal.o
 .bss           0x00000000        0x0 build/lib/hal.o
 .text.uart_putc
                0x00000000       0x18 build/lib/hal.o
 .text.uart_tx_ready
                0x00000000       0x18 build/lib/hal.o
 .text.lcd_reset
                0x00000000       0x88 build/lib/hal.o
 .text.lcd_backlight
                0x00000000       0x24 build/lib/hal.o
 .text.lcd_send_command
                0x00000000       0x18 build/lib/hal.o
 .text.lcd_send_data
                0x00000000       0x18 build/lib/hal.o
 .text.delay_us
                0x00000000       0x34 build/lib/hal.o
 .comment       0x00000000       0x13 build/lib/hal.o
 .text          0x00000000        0x0 build/lib/graphics.o
 .data          0x00000000        0x0 build/lib/graphics.o
 .bss           0x00000000        0x0 build/lib/graphics.o
 .text.lcd_draw_circle
                0x00000000      0x178 build/lib/graphics.o
 .text.lcd_draw_image
                0x00000000       0xf0 build/lib/graphics.o
 .comment       0x00000000       0x13 build/lib/graphics.o
 .text          0x00000000        0x0 build/lib/font_8x8.o
 .data          0x00000000        0x0 build/lib/font_8x8.o
 .bss           0x00000000        0x0 build/lib/font_8x8.o
 .comment       0x00000000       0x13 build/lib/font_8x8.o
 .data          0x00000000        0x0 /opt/homebrew/Cellar/riscv64-elf-gcc/15.2.0/lib/gcc/riscv64-elf/15.2.0/rv32i/ilp32//libgcc.a(muldi3.o)
 .bss           0x00000000        0x0 /opt/homebrew/Cellar/riscv64-elf-gcc/15.2.0/lib/gcc/riscv64-elf/15.2.0/rv32i/ilp32//libgcc.a(muldi3.o)
 .data          0x00000000        0x0 /opt/homebrew/Cellar/riscv64-elf-gcc/15.2.0/lib/gcc/riscv64-elf/15.2.0/rv32i/ilp32//libgcc.a(div.o)
 .bss           0x00000000        0x0 /opt/homebrew/Cellar/riscv64-elf-gcc/15.2.0/lib/gcc/riscv64-elf/15.2.0/rv32i/ilp32//libgcc.a(div.o)

Memory Configuration

Name             Origin             Length             Attributes
RAM              0x00010000         0x0fff0000         xrw
*default*        0x00000000         0xffffffff

Linker script and memory map

LOAD build/lib/start.o
LOAD /var/folders/x1/dw9cr25s1j5606xy8x6yg_yh0000gn/T//ccDbSpJf.o
LOAD build/lib/hal.o
LOAD build/lib/graphics.o
LOAD build/lib/font_8x8.o
LOAD /opt/homebrew/Cellar/riscv64-elf-gcc/15.2.0/lib/gcc/riscv64-elf/15.2.0/rv32i/ilp32//libgcc.a
LOAD /opt/homebrew/Cellar/riscv64-elf-gcc/15.2.0/lib/gcc/riscv64-elf/15.2.0/rv32i/ilp32/libgcc.a
                0x00010000                        . = 0x10000

.text           0x00010000     0x1398
 *(.text.start)
 .text.start    0x00010000       0x34 build/lib/start.o
                0x00010000                _start
                0x00010030                trap_handler
 *(.text*)
 .text.display_status
                0x00010034      0x2b8 /var/folders/x1/dw9cr25s1j5606xy8x6yg_yh0000gn/T//ccDbSpJf.o
                0x00010034                display_status
 .text.startup.main
                0x000102ec       0xd8 /var/folders/x1/dw9cr25s1j5606xy8x6yg_yh0000gn/T//ccDbSpJf.o
                0x000102ec                main
 .text.uart_init
                0x000103c4       0x34 build/lib/hal.o
                0x000103c4                uart_init
 .text.uart_getc
                0x000103f8       0x1c build/lib/hal.o
                0x000103f8                uart_getc
 .text.uart_puts
                0x00010414       0x2c build/lib/hal.o
                0x00010414                uart_puts
 .text.uart_rx_ready
                0x00010440       0x14 build/lib/hal.o
                0x00010440                uart_rx_ready
 .text.lcd_init
                0x00010454       0x98 build/lib/hal.o
                0x00010454                lcd_init
 .text.lcd_set_window
                0x000104ec       0xfc build/lib/hal.o
                0x000104ec                lcd_set_window
 .text.lcd_fill_rect.part.0
                0x000105e8       0xd8 build/lib/hal.o
 .text.lcd_draw_pixel
                0x000106c0       0x90 build/lib/hal.o
                0x000106c0                lcd_draw_pixel
 .text.lcd_clear
                0x00010750       0x18 build/lib/hal.o
                0x00010750                lcd_clear
 .text.lcd_fill_rect
                0x00010768       0x18 build/lib/hal.o
                0x00010768                lcd_fill_rect
 .text.delay_ms
                0x00010780       0x48 build/lib/hal.o
                0x00010780                delay_ms
 .text.lcd_draw_line
                0x000107c8      0x110 build/lib/graphics.o
                0x000107c8                lcd_draw_line
 .text.lcd_draw_rect
                0x000108d8       0xb0 build/lib/graphics.o
                0x000108d8                lcd_draw_rect
 .text.lcd_fill_circle
                0x00010988       0xe0 build/lib/graphics.o
                0x00010988                lcd_fill_circle
 .text.lcd_draw_char
                0x00010a68       0xdc build/lib/graphics.o
                0x00010a68                lcd_draw_char
 .text.lcd_draw_string
                0x00010b44       0xc4 build/lib/graphics.o
                0x00010b44                lcd_draw_string
 .text.lcd_printf
                0x00010c08      0x230 build/lib/graphics.o
                0x00010c08                lcd_printf
 .text          0x00010e38       0x24 /opt/homebrew/Cellar/riscv64-elf-gcc/15.2.0/lib/gcc/riscv64-elf/15.2.0/rv32i/ilp32//libgcc.a(muldi3.o)
                0x00010e38                __mulsi3
 .text          0x00010e5c       0xb4 /opt/homebrew/Cellar/riscv64-elf-gcc/15.2.0/lib/gcc/riscv64-elf/15.2.0/rv32i/ilp32//libgcc.a(div.o)
                0x00010e5c                __divsi3
                0x00010e64                __hidden___udivsi3
                0x00010e64                __udivsi3
                0x00010eac                __umodsi3
                0x00010ee0                __modsi3
 *(.rodata*)
 .rodata.display_status.str1.4
                0x00010f10       0x85 /var/folders/x1/dw9cr25s1j5606xy8x6yg_yh0000gn/T//ccDbSpJf.o
                                 0x69 (size before relaxing)
 .rodata.main.str1.4
                0x00010f95        0x0 /var/folders/x1/dw9cr25s1j5606xy8x6yg_yh0000gn/T//ccDbSpJf.o
                                 0x19 (size before relaxing)
 *fill*         0x00010f95        0x3 
 .rodata.font_8x8
                0x00010f98      0x400 build/lib/font_8x8.o
                0x00010f98                font_8x8

.rela.dyn       0x00011398        0x0
 .rela.text.start
                0x00011398        0x0 build/lib/start.o

.data
 *(.data*)
 *(.sdata*)

.bss            0x00011398        0x0
                0x00011398                        __bss_start = .
 *(.bss*)
 *(.sbss*)
 *(COMMON)
                0x00011398                        __bss_end = .
                0x000113a0                        . = ALIGN (0x10)
                0x00100000                        __stack_top = 0x100000

/DISCARD/
 *(.comment)
 *(.eh_frame)
OUTPUT(build/system_monitor.elf elf32-littleriscv)

.riscv.attributes
                0x00000000       0x1c
 .riscv.attributes
                0x00000000       0x1a build/lib/start.o
 .riscv.attributes
                0x0000001a       0x1c /var/folders/x1/dw9cr25s1j5606xy8x6yg_yh0000gn/T//ccDbSpJf.o
 .riscv.attributes
                0x00000036       0x1c build/lib/hal.o
 .riscv.attributes
                0x00000052       0x1c build/lib/graphics.o
 .riscv.attributes
                0x0000006e       0x1c build/lib/font_8x8.o
 .riscv.attributes
                0x0000008a       0x1a /opt/homebrew/Cellar/riscv64-elf-gcc/15.2.0/lib/gcc/riscv64-elf/15.2.0/rv32i/ilp32//libgcc.a(muldi3.o)
 .riscv.attributes
                0x000000a4       0x1a /opt/homebrew/Cellar/riscv64-elf-gcc/15.2.0/lib/gcc/riscv64-elf/15.2.0/rv32i/ilp32//libgcc.a(div.o)

.note.GNU-stack
                0x00000000        0x0
 .note.GNU-stack
                0x00000000        0x0 /var/folders/x1/dw9cr25s1j5606xy8x6yg_yh0000gn/T//ccDbSpJf.o
 .note.GNU-stack
                0x00000000        0x0 build/lib/hal.o
 .note.GNU-stack
                0x00000000        0x0 build/lib/graphics.o
 .note.GNU-stack
                0x00000000        0x0 build/lib/font_8x8.o

.debug_line     0x00000000     0x22d6
 .debug_line    0x00000000       0x7e build/lib/start.o
 .debug_line    0x0000007e      0x5be /var/folders/x1/dw9cr25s1j5606xy8x6yg_yh0000gn/T//ccDbSpJf.o
 .debug_line    0x0000063c      0xe4d build/lib/hal.o
 .debug_line    0x00001489      0xc32 build/lib/graphics.o
 .debug_line    0x000020bb       0x4e build/lib/font_8x8.o
 .debug_line    0x00002109       0x7a /opt/homebrew/Cellar/riscv64-elf-gcc/15.2.0/lib/gcc/riscv64-elf/15.2.0/rv32i/ilp32//libgcc.a(muldi3.o)
 .debug_line    0x00002183      0x153 /opt/homebrew/Cellar/riscv64-elf-gcc/15.2.0/lib/gcc/riscv64-elf/15.2.0/rv32i/ilp32//libgcc.a(div.o)

.debug_line_str
                0x00000000      0x158
 .debug_line_str
                0x00000000      0x158 build/lib/start.o
                                 0x4b (size before relaxing)
 .debug_line_str
                0x00000158        0x0 /var/folders/x1/dw9cr25s1j5606xy8x6yg_yh0000gn/T//ccDbSpJf.o
                                 0x94 (size before relaxing)
 .debug_line_str
                0x00000158        0x0 build/lib/hal.o
                                 0x59 (size before relaxing)
 .debug_line_str
                0x00000158        0x0 build/lib/graphics.o
                                 0x6e (size before relaxing)
 .debug_line_str
                0x00000158        0x0 build/lib/font_8x8.o
                                 0x6e (size before relaxing)
 .debug_line_str
                0x00000158        0x0 /opt/homebrew/Cellar/riscv64-elf-gcc/15.2.0/lib/gcc/riscv64-elf/15.2.0/rv32i/ilp32//libgcc.a(muldi3.o)
                                 0x9f (size before relaxing)
 .debug_line_str
                0x00000158        0x0 /opt/homebrew/Cellar/riscv64-elf-gcc/15.2.0/lib/gcc/riscv64-elf/15.2.0/rv32i/ilp32//libgcc.a(div.o)
                                 0x9c (size before relaxing)

.debug_info     0x00000000     0x1f5b
 .debug_info    0x00000000       0x24 build/lib/start.o
 .debug_info    0x00000024      0x9d6 /var/folders/x1/dw9cr25s1j5606xy8x6yg_yh0000gn/T//ccDbSpJf.o
 .debug_info    0x000009fa      0x9bd build/lib/hal.o
 .debug_info    0x000013b7      0xa80 build/lib/graphics.o
 .debug_info    0x00001e37       0x94 build/lib/font_8x8.o
 .debug_info    0x00001ecb       0x31 /opt/homebrew/Cellar/riscv64-elf-gcc/15.2.0/lib/gcc/riscv64-elf/15.2.0/rv32i/ilp32//libgcc.a(muldi3.o)
 .debug_info    0x00001efc       0x5f /opt/homebrew/Cellar/riscv64-elf-gcc/15.2.0/lib/gcc/riscv64-elf/15.2.0/rv32i/ilp32//libgcc.a(div.o)

.debug_abbrev   0x00000000      0x846
 .debug_abbrev  0x00000000       0x14 build/lib/start.o
 .debug_abbrev  0x00000014      0x242 /var/folders/x1/dw9cr25s1j5606xy8x6yg_yh0000gn/T//ccDbSpJf.o
 .debug_abbrev  0x00000256      0x29d build/lib/hal.o
 .debug_abbrev  0x000004f3      0x28d build/lib/graphics.o
 .debug_abbrev  0x00000780       0x76 build/lib/font_8x8.o
 .debug_abbrev  0x000007f6       0x28 /opt/homebrew/Cellar/riscv64-elf-gcc/15.2.0/lib/gcc/riscv64-elf/15.2.0/rv32i/ilp32//libgcc.a(muldi3.o)
 .debug_abbrev  0x0000081e       0x28 /opt/homebrew/Cellar/riscv64-elf-gcc/15.2.0/lib/gcc/riscv64-elf/15.2.0/rv32i/ilp32//libgcc.a(div.o)

.debug_aranges  0x00000000      0x1b0
 .debug_aranges
                0x00000000       0x20 build/lib/start.o
 .debug_aranges
                0x00000020       0x38 /var/folders/x1/dw9cr25s1j5606xy8x6yg_yh0000gn/T//ccDbSpJf.o
 .debug_aranges
                0x00000058       0xa8 build/lib/hal.o
 .debug_aranges
                0x00000100       0x58 build/lib/graphics.o
 .debug_aranges
                0x00000158       0x18 build/lib/font_8x8.o
 .debug_aranges
                0x00000170       0x20 /opt/homebrew/Cellar/riscv64-elf-gcc/15.2.0/lib/gcc/riscv64-elf/15.2.0/rv32i/ilp32//libgcc.a(muldi3.o)
 .debug_aranges
                0x00000190       0x20 /opt/homebrew/Cellar/riscv64-elf-gcc/15.2.0/lib/gcc/riscv64-elf/15.2.0/rv32i/ilp32//libgcc.a(div.o)

.debug_str      0x00000000      0x4d4
 .debug_str     0x00000000      0x4d4 build/lib/start.o
                                 0x59 (size before relaxing)
 .debug_str     0x000004d4        0x0 /var/folders/x1/dw9cr25s1j5606xy8x6yg_yh0000gn/T//ccDbSpJf.o
                                0x255 (size before relaxing)
 .debug_str     0x000004d4        0x0 build/lib/hal.o
                                0x258 (size before relaxing)
 .debug_str     0x000004d4        0x0 build/lib/graphics.o
                                0x1c9 (size before relaxing)
 .debug_str     0x000004d4        0x0 build/lib/font_8x8.o
                                 0xbc (size before relaxing)
 .debug_str     0x000004d4        0x0 /opt/homebrew/Cellar/riscv64-elf-gcc/15.2.0/lib/gcc/riscv64-elf/15.2.0/rv32i/ilp32//libgcc.a(muldi3.o)
                                 0xb4 (size before relaxing)
 .debug_str     0x000004d4        0x0 /opt/homebrew/Cellar/riscv64-elf-gcc/15.2.0/lib/gcc/riscv64-elf/15.2.0/rv32i/ilp32//libgcc.a(div.o)
                                 0xe1 (size before relaxing)

.debug_loclists
                0x00000000     0x12d5
 .debug_loclists
                0x00000000      0x2d5 /var/folders/x1/dw9cr25s1j5606xy8x6yg_yh0000gn/T//ccDbSpJf.o
 .debug_loclists
                0x000002d5      0x3c4 build/lib/hal.o
 .debug_loclists
                0x00000699      0xc3c build/lib/graphics.o

.debug_rnglists
                0x00000000      0x2b9
 .debug_rnglists
                0x00000000       0x7f /var/folders/x1/dw9cr25s1j5606xy8x6yg_yh0000gn/T//ccDbSpJf.o
 .debug_rnglists
                0x0000007f      0x162 build/lib/hal.o
 .debug_rnglists
                0x000001e1       0xd8 build/lib/graphics.o

.debug_frame    0x00000000      0x4d4
 .debug_frame   0x00000000       0xd8 /var/folders/x1/dw9cr25s1j5606xy8x6yg_yh0000gn/T//ccDbSpJf.o
 .debug_frame   0x000000d8      0x180 build/lib/hal.o
 .debug_frame   0x00000258      0x27c build/lib/graphics.o
