Archive member included to satisfy reference by file (symbol)

/usr/lib/gcc/riscv64-unknown-elf/10.2.0/rv32i/ilp32//libgcc.a(muldi3.o)
                              /tmp/ccq1vNpG.o (__mulsi3)
/usr/lib/gcc/riscv64-unknown-elf/10.2.0/rv32i/ilp32//libgcc.a(div.o)
                              /tmp/ccq1vNpG.o (__divsi3)

Discarded input sections

 .text          0x0000000000000000        0x0 build/lib/start.o
 .data          0x0000000000000000        0x0 build/lib/start.o
 .bss           0x0000000000000000        0x0 build/lib/start.o
 .text          0x0000000000000000        0x0 /tmp/ccq1vNpG.o
 .data          0x0000000000000000        0x0 /tmp/ccq1vNpG.o
 .bss           0x0000000000000000        0x0 /tmp/ccq1vNpG.o
 .text.draw_bar
                0x0000000000000000       0xd4 /tmp/ccq1vNpG.o
 .comment       0x0000000000000000       0x10 /tmp/ccq1vNpG.o
 .text          0x0000000000000000        0x0 build/lib/hal.o
 .data          0x0000000000000000        0x0 build/lib/hal.o
 .bss           0x0000000000000000        0x0 build/lib/hal.o
 .text.uart_putc
                0x0000000000000000       0x18 build/lib/hal.o
 .text.uart_tx_ready
                0x0000000000000000       0x18 build/lib/hal.o
 .text.lcd_reset
                0x0000000000000000       0x88 build/lib/hal.o
 .text.lcd_backlight
                0x0000000000000000       0x24 build/lib/hal.o
 .text.lcd_send_command
                0x0000000000000000       0x18 build/lib/hal.o
 .text.lcd_send_data
                0x0000000000000000       0x18 build/lib/hal.o
 .text.delay_us
                0x0000000000000000       0x34 build/lib/hal.o
 .comment       0x0000000000000000       0x10 build/lib/hal.o
 .text          0x0000000000000000        0x0 build/lib/graphics.o
 .data          0x0000000000000000        0x0 build/lib/graphics.o
 .bss           0x0000000000000000        0x0 build/lib/graphics.o
 .text.lcd_draw_circle
                0x0000000000000000      0x1b0 build/lib/graphics.o
 .text.lcd_draw_image
                0x0000000000000000      0x108 build/lib/graphics.o
 .comment       0x0000000000000000       0x10 build/lib/graphics.o
 .text          0x0000000000000000        0x0 build/lib/font_8x8.o
 .data          0x0000000000000000        0x0 build/lib/font_8x8.o
 .bss           0x0000000000000000        0x0 build/lib/font_8x8.o
 .comment       0x0000000000000000       0x10 build/lib/font_8x8.o
 .data          0x0000000000000000        0x0 /usr/lib/gcc/riscv64-unknown-elf/10.2.0/rv32i/ilp32//libgcc.a(muldi3.o)
 .bss           0x0000000000000000        0x0 /usr/lib/gcc/riscv64-unknown-elf/10.2.0/rv32i/ilp32//libgcc.a(muldi3.o)
 .data          0x0000000000000000        0x0 /usr/lib/gcc/riscv64-unknown-elf/10.2.0/rv32i/ilp32//libgcc.a(div.o)
 .bss           0x0000000000000000        0x0 /usr/lib/gcc/riscv64-unknown-elf/10.2.0/rv32i/ilp32//libgcc.a(div.o)

Memory Configuration

Name             Origin             Length             Attributes
RAM              0x0000000000010000 0x000000000fff0000 xrw
*default*        0x0000000000000000 0xffffffffffffffff

Linker script and memory map

LOAD build/lib/start.o
LOAD /tmp/ccq1vNpG.o
LOAD build/lib/hal.o
LOAD build/lib/graphics.o
LOAD build/lib/font_8x8.o
LOAD /usr/lib/gcc/riscv64-unknown-elf/10.2.0/rv32i/ilp32//libgcc.a
LOAD /usr/lib/gcc/riscv64-unknown-elf/10.2.0/rv32i/ilp32/libgcc.a
                0x0000000000010000                . = 0x10000

.text           0x0000000000010000     0x1420
 *(.text.start)
 .text.start    0x0000000000010000       0x34 build/lib/start.o
                0x0000000000010000                _start
                0x0000000000010030                trap_handler
 *(.text*)
 .text.update_status
                0x0000000000010034       0x94 /tmp/ccq1vNpG.o
                0x0000000000010034                update_status
 .text.display_status
                0x00000000000100c8      0x2d0 /tmp/ccq1vNpG.o
                0x00000000000100c8                display_status
 .text.startup.main
                0x0000000000010398       0x74 /tmp/ccq1vNpG.o
                0x0000000000010398                main
 .text.uart_init
                0x000000000001040c       0x34 build/lib/hal.o
                0x000000000001040c                uart_init
 .text.uart_getc
                0x0000000000010440       0x1c build/lib/hal.o
                0x0000000000010440                uart_getc
 .text.uart_puts
                0x000000000001045c       0x2c build/lib/hal.o
                0x000000000001045c                uart_puts
 .text.uart_rx_ready
                0x0000000000010488       0x14 build/lib/hal.o
                0x0000000000010488                uart_rx_ready
 .text.lcd_init
                0x000000000001049c       0x98 build/lib/hal.o
                0x000000000001049c                lcd_init
 .text.lcd_set_window
                0x0000000000010534      0x100 build/lib/hal.o
                0x0000000000010534                lcd_set_window
 .text.lcd_fill_rect.part.0
                0x0000000000010634       0xe4 build/lib/hal.o
 .text.lcd_draw_pixel
                0x0000000000010718       0x9c build/lib/hal.o
                0x0000000000010718                lcd_draw_pixel
 .text.lcd_clear
                0x00000000000107b4       0x18 build/lib/hal.o
                0x00000000000107b4                lcd_clear
 .text.lcd_fill_rect
                0x00000000000107cc       0x20 build/lib/hal.o
                0x00000000000107cc                lcd_fill_rect
 .text.delay_ms
                0x00000000000107ec       0x48 build/lib/hal.o
                0x00000000000107ec                delay_ms
 .text.lcd_draw_line
                0x0000000000010834      0x100 build/lib/graphics.o
                0x0000000000010834                lcd_draw_line
 .text.lcd_draw_rect
                0x0000000000010934       0xb4 build/lib/graphics.o
                0x0000000000010934                lcd_draw_rect
 .text.lcd_fill_circle
                0x00000000000109e8       0xec build/lib/graphics.o
                0x00000000000109e8                lcd_fill_circle
 .text.lcd_draw_char
                0x0000000000010ad4       0xdc build/lib/graphics.o
                0x0000000000010ad4                lcd_draw_char
 .text.lcd_draw_string
                0x0000000000010bb0       0xd0 build/lib/graphics.o
                0x0000000000010bb0                lcd_draw_string
 .text.lcd_printf
                0x0000000000010c80      0x240 build/lib/graphics.o
                0x0000000000010c80                lcd_printf
 .text          0x0000000000010ec0       0x24 /usr/lib/gcc/riscv64-unknown-elf/10.2.0/rv32i/ilp32//libgcc.a(muldi3.o)
                0x0000000000010ec0                __mulsi3
 .text          0x0000000000010ee4       0xb4 /usr/lib/gcc/riscv64-unknown-elf/10.2.0/rv32i/ilp32//libgcc.a(div.o)
                0x0000000000010ee4                __divsi3
                0x0000000000010eec                __udivsi3
                0x0000000000010f34                __umodsi3
                0x0000000000010f68                __modsi3
 *(.rodata*)
 .rodata.display_status.str1.4
                0x0000000000010f98       0x69 /tmp/ccq1vNpG.o
 *fill*         0x0000000000011001        0x3 
 .rodata.main.str1.4
                0x0000000000011004       0x19 /tmp/ccq1vNpG.o
 *fill*         0x000000000001101d        0x3 
 .rodata.font_8x8
                0x0000000000011020      0x400 build/lib/font_8x8.o
                0x0000000000011020                font_8x8

.rela.dyn       0x0000000000011420        0x0
 .rela.text.start
                0x0000000000011420        0x0 build/lib/start.o

.data
 *(.data*)
 *(.sdata*)

.bss            0x0000000000011420        0x0
                0x0000000000011420                __bss_start = .
 *(.bss*)
 *(.sbss*)
 *(COMMON)
                0x0000000000011420                __bss_end = .
                0x0000000000011420                . = ALIGN (0x10)
                0x0000000000100000                __stack_top = 0x100000

/DISCARD/
 *(.comment)
 *(.eh_frame)
OUTPUT(build/system_monitor.elf elf32-littleriscv)

.riscv.attributes
                0x0000000000000000       0x1c
 .riscv.attributes
                0x0000000000000000       0x1a build/lib/start.o
 .riscv.attributes
                0x000000000000001a       0x1c /tmp/ccq1vNpG.o
 .riscv.attributes
                0x0000000000000036       0x1c build/lib/hal.o
 .riscv.attributes
                0x0000000000000052       0x1c build/lib/graphics.o
 .riscv.attributes
                0x000000000000006e       0x1c build/lib/font_8x8.o
 .riscv.attributes
                0x000000000000008a       0x1a /usr/lib/gcc/riscv64-unknown-elf/10.2.0/rv32i/ilp32//libgcc.a(muldi3.o)
 .riscv.attributes
                0x00000000000000a4       0x1a /usr/lib/gcc/riscv64-unknown-elf/10.2.0/rv32i/ilp32//libgcc.a(div.o)

.debug_line     0x0000000000000000     0x2466
 .debug_line    0x0000000000000000       0x70 build/lib/start.o
 .debug_line    0x0000000000000070      0x4e6 /tmp/ccq1vNpG.o
 .debug_line    0x0000000000000556     0x100b build/lib/hal.o
 .debug_line    0x0000000000001561      0xcd1 build/lib/graphics.o
 .debug_line    0x0000000000002232       0x46 build/lib/font_8x8.o
 .debug_line    0x0000000000002278       0x8c /usr/lib/gcc/riscv64-unknown-elf/10.2.0/rv32i/ilp32//libgcc.a(muldi3.o)
 .debug_line    0x0000000000002304      0x162 /usr/lib/gcc/riscv64-unknown-elf/10.2.0/rv32i/ilp32//libgcc.a(div.o)

.debug_info     0x0000000000000000     0x1b4a
 .debug_info    0x0000000000000000       0x26 build/lib/start.o
 .debug_info    0x0000000000000026      0x81a /tmp/ccq1vNpG.o
 .debug_info    0x0000000000000840      0x8bf build/lib/hal.o
 .debug_info    0x00000000000010ff      0x971 build/lib/graphics.o
 .debug_info    0x0000000000001a70       0x8e build/lib/font_8x8.o
 .debug_info    0x0000000000001afe       0x26 /usr/lib/gcc/riscv64-unknown-elf/10.2.0/rv32i/ilp32//libgcc.a(muldi3.o)
 .debug_info    0x0000000000001b24       0x26 /usr/lib/gcc/riscv64-unknown-elf/10.2.0/rv32i/ilp32//libgcc.a(div.o)

.debug_abbrev   0x0000000000000000      0x76b
 .debug_abbrev  0x0000000000000000       0x14 build/lib/start.o
 .debug_abbrev  0x0000000000000014      0x1dd /tmp/ccq1vNpG.o
 .debug_abbrev  0x00000000000001f1      0x268 build/lib/hal.o
 .debug_abbrev  0x0000000000000459      0x27a build/lib/graphics.o
 .debug_abbrev  0x00000000000006d3       0x70 build/lib/font_8x8.o
 .debug_abbrev  0x0000000000000743       0x14 /usr/lib/gcc/riscv64-unknown-elf/10.2.0/rv32i/ilp32//libgcc.a(muldi3.o)
 .debug_abbrev  0x0000000000000757       0x14 /usr/lib/gcc/riscv64-unknown-elf/10.2.0/rv32i/ilp32//libgcc.a(div.o)

.debug_aranges  0x0000000000000000      0x1b0
 .debug_aranges
                0x0000000000000000       0x20 build/lib/start.o
 .debug_aranges
                0x0000000000000020       0x38 /tmp/ccq1vNpG.o
 .debug_aranges
                0x0000000000000058       0xa8 build/lib/hal.o
 .debug_aranges
                0x0000000000000100       0x58 build/lib/graphics.o
 .debug_aranges
                0x0000000000000158       0x18 build/lib/font_8x8.o
 .debug_aranges
                0x0000000000000170       0x20 /usr/lib/gcc/riscv64-unknown-elf/10.2.0/rv32i/ilp32//libgcc.a(muldi3.o)
 .debug_aranges
                0x0000000000000190       0x20 /usr/lib/gcc/riscv64-unknown-elf/10.2.0/rv32i/ilp32//libgcc.a(div.o)

.debug_str      0x0000000000000000      0x4c7
 .debug_str     0x0000000000000000       0x4b build/lib/start.o
 .debug_str     0x000000000000004b      0x21f /tmp/ccq1vNpG.o
                                        0x275 (size before relaxing)
 .debug_str     0x000000000000026a      0x107 build/lib/hal.o
                                        0x268 (size before relaxing)
 .debug_str     0x0000000000000371       0x80 build/lib/graphics.o
                                        0x1de (size before relaxing)
 .debug_str     0x00000000000003f1        0xf build/lib/font_8x8.o
                                         0xe8 (size before relaxing)
 .debug_str     0x0000000000000400       0x9e /usr/lib/gcc/riscv64-unknown-elf/10.2.0/rv32i/ilp32//libgcc.a(muldi3.o)
                                         0xac (size before relaxing)
 .debug_str     0x000000000000049e       0x29 /usr/lib/gcc/riscv64-unknown-elf/10.2.0/rv32i/ilp32//libgcc.a(div.o)
                                         0xa9 (size before relaxing)

.debug_loc      0x0000000000000000     0x1293
 .debug_loc     0x0000000000000000      0x28d /tmp/ccq1vNpG.o
 .debug_loc     0x000000000000028d      0x4ca build/lib/hal.o
 .debug_loc     0x0000000000000757      0xb3c build/lib/graphics.o

.debug_ranges   0x0000000000000000      0x450
 .debug_ranges  0x0000000000000000       0x78 /tmp/ccq1vNpG.o
 .debug_ranges  0x0000000000000078      0x258 build/lib/hal.o
 .debug_ranges  0x00000000000002d0      0x180 build/lib/graphics.o

.debug_frame    0x0000000000000000      0x4c0
 .debug_frame   0x0000000000000000       0xe8 /tmp/ccq1vNpG.o
 .debug_frame   0x00000000000000e8      0x18c build/lib/hal.o
 .debug_frame   0x0000000000000274      0x24c build/lib/graphics.o
